Report 'report_mcmm_variation': MCMM Variation
Generated on Mon Jan 3 13:28:56 2022
  
----------------------------------------------------------
| MCMM variability report for design 'combined56_ifelse' |
|                         (nano)                         |
|--------------------------------------------------------|
| MODE CORNER WNS TNS #Endpts WHS THS #Endpts            | 
----------------------------------------------------------


info UI33: performed report_mcmm_variation for 0 sec (CPU time: 0 sec; MEM: RSS - 258M, CVMEM - 1691M, PVMEM - 1870M)
Report 'report_path_group': Path Group
Generated on Mon Jan 3 13:28:56 2022
  
-------------------------------------------------------------------------------------------
|                               PATH GROUPS (SETUP) (nano)                                |
|-----------------------------------------------------------------------------------------|
| QOR Weight Margin TNS Range Endpoints Violating Endpoints Violating Endpoints % WNS TNS | 
-------------------------------------------------------------------------------------------


info UI33: performed report_path_group for 0 sec (CPU time: 0 sec; MEM: RSS - 258M, CVMEM - 1691M, PVMEM - 1870M)
SLACK HISTOGRAM
---------------
Select : SELECT_LATE

---------------------------------------------
| Slack           # End Pts Total # End Pts | 
|-------------------------------------------|
| 0.0000 - 0.9990 12        12              | 
---------------------------------------------


info UI33: performed report_slack_histogram for 0 sec (CPU time: 0 sec; MEM: RSS - 259M, CVMEM - 1691M, PVMEM - 1870M)
Report 'report_path_group': Path Group
Generated on Mon Jan 3 13:28:56 2022
  
-------------------------------------------------------------------------------------------
|                                PATH GROUPS (HOLD) (nano)                                |
|-----------------------------------------------------------------------------------------|
| QOR Weight Margin TNS Range Endpoints Violating Endpoints Violating Endpoints % WNS TNS | 
-------------------------------------------------------------------------------------------


info UI33: performed report_path_group for 0 sec (CPU time: 0 sec; MEM: RSS - 259M, CVMEM - 1691M, PVMEM - 1870M)
SLACK HISTOGRAM
---------------
Select : SELECT_EARLY

---------------------------------------------
| Slack           # End Pts Total # End Pts | 
|-------------------------------------------|
| 0.0000 - 0.4990 3         3               | 
| 0.5000 - 0.9990 9         12              | 
---------------------------------------------


info UI33: performed report_slack_histogram for 0 sec (CPU time: 0 sec; MEM: RSS - 259M, CVMEM - 1691M, PVMEM - 1870M)
