Report End Points: 
-----+-------+------+-------+-----+-----+-----+-----+-----------+---------
     |Group  |Launch|Capture|Shift|Delay|Depth|Slack|Begin Point|End Point
-----+-------+------+-------+-----+-----+-----+-----+-----------+---------
1    |default|      |       |     |     |     |     |           |         
-----+-------+------+-------+-----+-----+-----+-----+-----------+---------
Report End Points: 
-----+-----+------+-------+-----+-----+-----+-----+-----------+---------
     |Group|Launch|Capture|Shift|Delay|Depth|Slack|Begin Point|End Point
-----+-----+------+-------+-----+-----+-----+-----+-----------+---------
1    |I2R  |      |       |     |     |     |     |           |         
-----+-----+------+-------+-----+-----+-----+-----+-----------+---------
Report End Points: 
-----+-----+------+-------+-----+-----+-----+-----+-----------+---------
     |Group|Launch|Capture|Shift|Delay|Depth|Slack|Begin Point|End Point
-----+-----+------+-------+-----+-----+-----+-----+-----------+---------
1    |I2O  |      |       |     |     |     |     |           |         
-----+-----+------+-------+-----+-----+-----+-----+-----------+---------
Report End Points: 
-----+-----+------+-------+------+-----+-----+-----+----------------------+---------
     |Group|Launch|Capture|Shift |Delay|Depth|Slack|Begin Point           |End Point
-----+-----+------+-------+------+-----+-----+-----+----------------------+---------
1    |R2O  |sysclk|vsysclk|1500.0| 96.4|    2|792.5|current_state_reg[0]/Q|alarmbuzz
2    |R2O  |sysclk|vsysclk|1500.0|101.3|    2|793.9|current_state_reg[2]/Q|winbuzz  
3    |R2O  |sysclk|vsysclk|1500.0| 92.6|    2|802.6|current_state_reg[2]/Q|cooler   
-----+-----+------+-------+------+-----+-----+-----+----------------------+---------
