Report Physical info: 
------------------------+---------------------+-----------+------------
                        |                     |Area (squm)|Leakage (uW)
------------------------+---------------------+-----------+------------
Design Name             |keep_H_C_value_ifelse|           |            
  Total Instances       |                   56|         69|       1.535
    Macros              |                    0|          0|       0.000
    Pads                |                    0|          0|       0.000
    Phys                |                    0|          0|       0.000
    Blackboxes          |                    0|          0|       0.000
    Cells               |                   56|         69|       1.535
      Buffers           |                    0|          0|       0.000
      Inverters         |                    6|          3|       0.086
      Clock-Gates       |                    0|          0|       0.000
      Combinational     |                   45|         47|       1.130
      Latches           |                    2|          5|       0.082
      FlipFlops         |                    3|         14|       0.237
       Single-Bit FF    |                    3|         14|       0.237
       Multi-Bit FF     |                    0|          0|       0.000
       Clock-Gated      |                    0|           |            
       Bits             |                    3|         14|       0.237
         Load-Enabled   |                    0|           |            
         Clock-Gated    |                    0|           |            
  Tristate Pin Count    |                    0|           |            
Physical Info           |Placed               |           |            
  Chip Size (mm x mm)   |0.072 x 0.072        |       5249|            
  Fixed Cell Area       |                     |          0|            
    Phys Only           |                    0|          0|            
  Placeable Area        |                     |        138|            
  Movable Cell Area     |                     |         69|            
  Utilization (%)       |                   49|           |            
  Chip Utilization (%)  |                   49|           |            
  Total Wire Length (mm)|                0.800|           |            
  Longest Wire (mm)     |                0.038|           |            
  Average Wire (mm)     |                0.036|           |            
------------------------+---------------------+-----------+------------
