Report End Points: 
-----+-------+------+-------+------+-----+-----+------+--------------+--------------
     |Group  |Launch|Capture|Shift |Delay|Depth|Slack |Begin Point   |End Point     
-----+-------+------+-------+------+-----+-----+------+--------------+--------------
1    |default|sysclk|sysclk |1500.0|243.4|    7|1053.6|state_reg[1]/Q|state_reg[0]/D
2    |default|sysclk|sysclk |1500.0|188.1|    6|1113.6|state_reg[1]/Q|state_reg[1]/D
3    |default|sysclk|sysclk |1500.0|121.2|    4|1180.5|state_reg[1]/Q|state_reg[2]/D
-----+-------+------+-------+------+-----+-----+------+--------------+--------------
Report End Points: 
-----+-----+--------------+-------+------+-----+-----+-----+-----------+--------------
     |Group|Launch        |Capture|Shift |Delay|Depth|Slack|Begin Point|End Point     
-----+-----+--------------+-------+------+-----+-----+-----+-----------+--------------
1    |I2R  |rtDefaultClock|sysclk |1500.0|287.5|    8|473.8|ST[4]      |state_reg[0]/D
2    |I2R  |rtDefaultClock|sysclk |1500.0|216.3|    5|544.3|ST[2]      |state_reg[1]/D
3    |I2R  |rtDefaultClock|sysclk |1500.0|211.6|    5|549.0|ST[4]      |state_reg[2]/D
-----+-----+--------------+-------+------+-----+-----+-----+-----------+--------------
Report End Points: 
-----+-----+------+-------+-----+-----+-----+-----+-----------+---------
     |Group|Launch|Capture|Shift|Delay|Depth|Slack|Begin Point|End Point
-----+-----+------+-------+-----+-----+-----+-----+-----------+---------
1    |I2O  |      |       |     |     |     |     |           |         
-----+-----+------+-------+-----+-----+-----+-----+-----------+---------
Report End Points: 
-----+-----+------+-------+------+-----+-----+-----+--------------+---------
     |Group|Launch|Capture|Shift |Delay|Depth|Slack|Begin Point   |End Point
-----+-----+------+-------+------+-----+-----+-----+--------------+---------
1    |R2O  |sysclk|vsysclk|1500.0| 72.3|    2|813.4|state_reg[1]/Q|alarmbuzz
2    |R2O  |sysclk|vsysclk|1500.0| 62.2|    2|823.5|state_reg[1]/Q|rdoor    
3    |R2O  |sysclk|vsysclk|1500.0| 55.9|    3|829.8|state_reg[1]/Q|winbuzz  
-----+-----+------+-------+------+-----+-----+-----+--------------+---------
