Report for group default
------------------------------------------------------------------------------------------------------------------------------------------------------------
Startpoint: state_reg[2]/Q
    (Clocked by sysclk R)
Endpoint: state_reg[0]/D
    (Clocked by sysclk R)
Path Group: default
Data required time: 1460.6
    (Clock shift: 1500.0, minus Uncertainty: 0.0, plus Latency 0.0, minus Setup time: 39.4)
Data arrival time: 359.6
Slack: 1101.0
Logic depth: 5
------------------------------------------------------------------------------------------------------------------------------------------------------------
                                                     Arrival               Arc      Net               Net    Total   fan-                                   
Path                     Module/Cell           Edge     Time    Delay    Delay    Delay     Slew     Load     Load    out     Location Power Domain      (V)
                                                        (ps)     (ps)     (ps)     (ps)     (ps)     (ff)     (ff)    (#)      (um,um)                      
------------------------------------------------------------------------------------------------------------------------------------------------------------
Clk                      {create_clock}           r      0.0      0.0      0.0                        0.0      0.0      3    72,   35                       
state_reg[2]/CK->Q       DFF_X1*                 rr    161.6    161.6    161.6      0.0      0.0      4.6     69.2      8    36,   35  /PD_TOP        (1.10)
i_0_0_29/A2->ZN          NAND2_X4                rf    182.9     21.3     21.2      0.1     15.3      2.7     14.7      4    36,   35  /PD_TOP        (1.10)
i_0_0_17/B1->ZN          OAI221_X2               fr    248.2     65.3     65.3      0.0     11.1      1.6      9.4      2    36,   35  /PD_TOP        (1.10)
i_0_0_8/A->ZN            AOI21_X4                rf    267.3     19.1     19.1      0.0     53.0      0.8      3.1      1    36,   35  /PD_TOP        (1.10)
i_0_0_5/A->ZN            AOI211_X2               fr    342.6     75.3     75.3      0.0      7.3      0.8      4.8      1    36,   35  /PD_TOP        (1.10)
i_0_0_4/B1->ZN           AOI21_X2                rf    359.6     17.0     17.0      0.0     45.3      0.7      1.9      1    36,   35  /PD_TOP        (1.10)
state_reg[0]/D           DFF_X1                   f    359.6      0.0               0.0      6.5                             36,   35  /PD_TOP        (1.10)
------------------------------------------------------------------------------------------------------------------------------------------------------------
Report for group I2R
------------------------------------------------------------------------------------------------------------------------------------------------------------
Startpoint: ST[2]
    (Clocked by rtDefaultClock R)
Endpoint: state_reg[0]/D
    (Clocked by sysclk R)
Path Group: I2R
Data required time: 1466.0
    (Clock shift: 1500.0, minus Uncertainty: 0.0, plus Latency 0.0, minus Setup time: 34.0)
Data arrival time: 925.1
Slack: 540.9
Logic depth: 6
------------------------------------------------------------------------------------------------------------------------------------------------------------
                                                     Arrival               Arc      Net               Net    Total   fan-                                   
Path                     Module/Cell           Edge     Time    Delay    Delay    Delay     Slew     Load     Load    out     Location Power Domain      (V)
                                                        (ps)     (ps)     (ps)     (ps)     (ps)     (ff)     (ff)    (#)      (um,um)                      
------------------------------------------------------------------------------------------------------------------------------------------------------------
ST[2]                    {set_input_delay}        f    700.0    700.0    700.0                        5.3     13.1      2    37,    0                       
i_0_0_42/A2->ZN          NOR3_X4                 fr    778.4     78.4     78.0      0.4    100.0      0.7      4.9      1    36,   35  /PD_TOP        (1.10)
i_0_0_40/A1->ZN          NOR2_X4                 rf    789.5     11.1     11.1      0.0     28.7      0.6      4.8      1    36,   35  /PD_TOP        (1.10)
i_0_0_39/A2->ZN          NOR2_X4                 fr    828.7     39.2     39.2      0.0      5.7      3.0     14.1      4    36,   35  /PD_TOP        (1.10)
i_0_0_38/A2->ZN          OR2_X4                  rr    866.3     37.6     37.5      0.1     26.8      3.0     19.0      4    36,   35  /PD_TOP        (1.10)
i_0_0_11/A->ZN           OAI211_X4               rf    895.6     29.3     29.2      0.1     14.7      0.8      5.0      1    36,   35  /PD_TOP        (1.10)
i_0_0_4/B2->ZN           AOI21_X2                fr    925.1     29.5     29.5      0.0     14.9      0.7      1.9      1    36,   35  /PD_TOP        (1.10)
state_reg[0]/D           DFF_X1                   r    925.1      0.0               0.0     17.8                             36,   35  /PD_TOP        (1.10)
------------------------------------------------------------------------------------------------------------------------------------------------------------
Report for group I2O
Report for group R2O
------------------------------------------------------------------------------------------------------------------------------------------------------------
Startpoint: state_reg[1]/Q
    (Clocked by sysclk R)
Endpoint: alarmbuzz
    (Clocked by vsysclk R)
Path Group: R2O
Data required time: 1050.0
    (Clock shift: 1500.0, minus Uncertainty: 0.0, plus Latency 0.0, minus Out delay: 450.0)
Data arrival time: 232.8
Slack: 817.2
Logic depth: 2
------------------------------------------------------------------------------------------------------------------------------------------------------------
                                                     Arrival               Arc      Net               Net    Total   fan-                                   
Path                     Module/Cell           Edge     Time    Delay    Delay    Delay     Slew     Load     Load    out     Location Power Domain      (V)
                                                        (ps)     (ps)     (ps)     (ps)     (ps)     (ff)     (ff)    (#)      (um,um)                      
------------------------------------------------------------------------------------------------------------------------------------------------------------
Clk                      {create_clock}           r      0.0      0.0      0.0                        0.0      0.0      3    72,   35                       
state_reg[1]/CK->Q       DFF_X1*                 rr    161.5    161.5    161.5      0.0      0.0      4.5     68.8      8    36,   35  /PD_TOP        (1.10)
i_0_0_32/A1->ZN          NAND2_X4*               rf    193.4     31.9     31.8      0.1     15.3      2.0     34.3      3    36,   35  /PD_TOP        (1.10)
i_0_0_27/A1->ZN          NOR2_X4                 fr    232.4     39.0     39.0      0.0     15.3      4.7     14.7      1    36,   35  /PD_TOP        (1.10)
alarmbuzz                                         r    232.8      0.4               0.4     27.4                             72,   35                       
------------------------------------------------------------------------------------------------------------------------------------------------------------
