Report End Points: 
-----+-------+------+-------+------+-----+-----+------+----------------------+----------------------
     |Group  |Launch|Capture|Shift |Delay|Depth|Slack |Begin Point           |End Point             
-----+-------+------+-------+------+-----+-----+------+----------------------+----------------------
1    |default|sysclk|sysclk |1500.0|519.8|   10| 776.1|current_state_reg[2]/Q|current_state_reg[1]/D
2    |default|sysclk|sysclk |1500.0|383.5|   11| 917.9|current_state_reg[2]/Q|current_state_reg[0]/D
3    |default|sysclk|sysclk |1500.0|260.8|    7|1029.6|current_state_reg[1]/Q|current_state_reg[2]/D
-----+-------+------+-------+------+-----+-----+------+----------------------+----------------------
Report End Points: 
-----+-----+--------------+-------+------+-----+-----+-----+-----------+----------------------
     |Group|Launch        |Capture|Shift |Delay|Depth|Slack|Begin Point|End Point             
-----+-----+--------------+-------+------+-----+-----+-----+-----------+----------------------
1    |I2R  |rtDefaultClock|sysclk |1500.0|475.1|    6|285.5|ST[3]      |current_state_reg[1]/D
2    |I2R  |rtDefaultClock|sysclk |1500.0|301.5|    6|464.6|ST[3]      |current_state_reg[0]/D
3    |I2R  |rtDefaultClock|sysclk |1500.0|289.3|    7|468.7|ST[3]      |current_state_reg[2]/D
-----+-----+--------------+-------+------+-----+-----+-----+-----------+----------------------
Report End Points: 
-----+-----+------+-------+-----+-----+-----+-----+-----------+---------
     |Group|Launch|Capture|Shift|Delay|Depth|Slack|Begin Point|End Point
-----+-----+------+-------+-----+-----+-----+-----+-----------+---------
1    |I2O  |      |       |     |     |     |     |           |         
-----+-----+------+-------+-----+-----+-----+-----+-----------+---------
Report End Points: 
-----+-----+------+-------+-----+-----+-----+--------+----------------------+---------
     |Group|Launch|Capture|Shift|Delay|Depth|Slack   |Begin Point           |End Point
-----+-----+------+-------+-----+-----+-----+--------+----------------------+---------
1    |R2O  |sysclk|vsysclk|500.0| 50.8|    2|-17723.4|current_state_reg[1]/Q|alarmbuzz
2    |R2O  |sysclk|vsysclk|500.0| 56.7|    2|-17721.4|current_state_reg[2]/Q|winbuzz  
3    |R2O  |sysclk|vsysclk|500.0| 50.9|    2|-17717.2|current_state_reg[0]/Q|fdoor    
-----+-----+------+-------+-----+-----+-----+--------+----------------------+---------
