Report for group default
------------------------------------------------------------------------------------------------------------------------------------------------------------
Startpoint: current_state_reg[2]/Q
    (Clocked by sysclk R)
Endpoint: current_state_reg[1]/D
    (Clocked by sysclk R)
Path Group: default
Data required time: 1460.6
    (Clock shift: 1500.0, minus Uncertainty: 0.0, plus Latency 0.0, minus Setup time: 39.4)
Data arrival time: 684.5
Slack: 776.1
Logic depth: 10
------------------------------------------------------------------------------------------------------------------------------------------------------------
                                                     Arrival               Arc      Net               Net    Total   fan-                                   
Path                     Module/Cell           Edge     Time    Delay    Delay    Delay     Slew     Load     Load    out     Location Power Domain      (V)
                                                        (ps)     (ps)     (ps)     (ps)     (ps)     (ff)     (ff)    (#)      (um,um)                      
------------------------------------------------------------------------------------------------------------------------------------------------------------
clk                      {create_clock}           r      0.0      0.0      0.0                        0.0      0.0      3     0,   35                       
current_state_reg[2]/CK->Q
                         DFFR_X2#*               rr    164.7    164.7    164.7      0.0      0.0      2.7     51.9      5    36,   36  /PD_TOP        (1.10)
rt_shieldBuf__1/A->Z     BUF_X1#*                rr    256.1     91.4     91.4      0.0     15.3      1.8     35.7      3    36,   36  /PD_TOP        (1.10)
i_0_5_54/A->ZN           INV_X8                  rf    266.1     10.0     10.0      0.0     15.3      2.0     14.5      3    36,   36  /PD_TOP        (1.10)
i_0_5_48/A1->ZN          NOR2_X4*                fr    319.3     53.2     53.2      0.0      4.6      1.3     30.7      2    36,   36  /PD_TOP        (1.10)
i_0_5_47/A->ZN           INV_X8                  rf    327.8      8.5      8.5      0.0     15.3      1.2      9.5      2    36,   36  /PD_TOP        (1.10)
i_0_5_36/A2->ZN          NOR2_X4*                fr    385.5     57.7     57.7      0.0      4.0      1.2     30.8      2    36,   36  /PD_TOP        (1.10)
i_0_5_35/A->ZN           INV_X8                  rf    396.6     11.1     11.1      0.0     15.3      2.9     18.8      4    36,   36  /PD_TOP        (1.10)
i_0_5_14/A->ZN           OAI21_X4                fr    416.4     19.8     19.7      0.1      5.1      1.6      7.1      2    36,   36  /PD_TOP        (1.10)
i_0_5_13/A3->ZN          NOR3_X2                 rf    429.6     13.2     13.2      0.0     21.6      0.8      2.4      1    36,   36  /PD_TOP        (1.10)
i_0_5_12/B2->ZN          OAI33_X1                fr    699.1    269.5    269.5      0.0      6.1      0.8     26.2      1    36,   36  /PD_TOP        (1.10)
i_0_5_11/A->ZN           INV_X8                  rf    684.5    -14.6    -14.6      0.0    244.0      0.7      1.8      1    36,   36  /PD_TOP        (1.10)
current_state_reg[1]/D   DFFR_X2#                 f    684.5      0.0               0.0      3.2                             36,   36  /PD_TOP        (1.10)
------------------------------------------------------------------------------------------------------------------------------------------------------------
Report for group I2R
------------------------------------------------------------------------------------------------------------------------------------------------------------
Startpoint: ST[3]
    (Clocked by rtDefaultClock R)
Endpoint: current_state_reg[1]/D
    (Clocked by sysclk R)
Path Group: I2R
Data required time: 1460.6
    (Clock shift: 1500.0, minus Uncertainty: 0.0, plus Latency 0.0, minus Setup time: 39.4)
Data arrival time: 1175.1
Slack: 285.5
Logic depth: 6
------------------------------------------------------------------------------------------------------------------------------------------------------------
                                                     Arrival               Arc      Net               Net    Total   fan-                                   
Path                     Module/Cell           Edge     Time    Delay    Delay    Delay     Slew     Load     Load    out     Location Power Domain      (V)
                                                        (ps)     (ps)     (ps)     (ps)     (ps)     (ff)     (ff)    (#)      (um,um)                      
------------------------------------------------------------------------------------------------------------------------------------------------------------
ST[3]                    {set_input_delay}        f    700.0    700.0    700.0                        5.3     11.4      2    35,    0                       
i_0_5_41/A2->ZN          OR3_X4                  ff    801.5    101.5    101.1      0.4    100.0      0.7      4.8      1    36,   36  /PD_TOP        (1.10)
i_0_5_40/B2->ZN          OAI21_X4*               fr    866.2     64.7     64.7      0.0     12.0      1.4     30.7      2    36,   36  /PD_TOP        (1.10)
i_0_5_18/A->ZN           OAI21_X4                rf    888.1     21.9     21.9      0.0     15.3      1.4      7.7      2    36,   36  /PD_TOP        (1.10)
i_0_5_17/A2->ZN          AND2_X4                 ff    916.5     28.4     28.4      0.0     10.8      0.8      2.4      1    36,   36  /PD_TOP        (1.10)
i_0_5_12/B3->ZN          OAI33_X1                fr   1189.7    273.2    273.2      0.0      5.1      0.8     26.2      1    36,   36  /PD_TOP        (1.10)
i_0_5_11/A->ZN           INV_X8                  rf   1175.1    -14.6    -14.6      0.0    244.0      0.7      1.8      1    36,   36  /PD_TOP        (1.10)
current_state_reg[1]/D   DFFR_X2#                 f   1175.1      0.0               0.0      3.2                             36,   36  /PD_TOP        (1.10)
------------------------------------------------------------------------------------------------------------------------------------------------------------
Report for group I2O
Report for group R2O
------------------------------------------------------------------------------------------------------------------------------------------------------------
Startpoint: current_state_reg[1]/Q
    (Clocked by sysclk R)
Endpoint: alarmbuzz
    (Clocked by vsysclk R)
Path Group: R2O
Data required time: -17500.0
    (Clock shift: 500.0, minus Uncertainty: 0.0, plus Latency 0.0, minus Out delay: 18000.0)
Data arrival time: 223.4
Slack: -17723.4
Logic depth: 2
------------------------------------------------------------------------------------------------------------------------------------------------------------
                                                     Arrival               Arc      Net               Net    Total   fan-                                   
Path                     Module/Cell           Edge     Time    Delay    Delay    Delay     Slew     Load     Load    out     Location Power Domain      (V)
                                                        (ps)     (ps)     (ps)     (ps)     (ps)     (ff)     (ff)    (#)      (um,um)                      
------------------------------------------------------------------------------------------------------------------------------------------------------------
clk                      {create_clock}           r      0.0      0.0      0.0                        0.0      0.0      3     0,   35                       
current_state_reg[1]/CK->Q
                         DFFR_X2#*               rr    172.6    172.6    172.6      0.0      0.0      3.2     77.7      6    36,   36  /PD_TOP        (1.10)
i_0_1_0/A1->ZN           NAND2_X4                rf    187.3     14.7     14.6      0.1     15.3      0.6      4.8      1    36,   36  /PD_TOP        (1.10)
i_0_1_1/A1->ZN           NOR2_X4                 fr    223.0     35.7     35.7      0.0      7.2      4.7     14.7      1    36,   36  /PD_TOP        (1.10)
alarmbuzz                                         r    223.4      0.4               0.4     27.4                             72,   36                       
------------------------------------------------------------------------------------------------------------------------------------------------------------
