Report Physical info: 
------------------------+-------------+-----------+------------
                        |             |Area (squm)|Leakage (uW)
------------------------+-------------+-----------+------------
Design Name             |Combined56_v1|           |            
  Total Instances       |           55|         66|       1.488
    Macros              |            0|          0|       0.000
    Pads                |            0|          0|       0.000
    Phys                |            0|          0|       0.000
    Blackboxes          |            0|          0|       0.000
    Cells               |           55|         66|       1.488
      Buffers           |            0|          0|       0.000
      Inverters         |           10|          5|       0.144
      Clock-Gates       |            0|          0|       0.000
      Combinational     |           42|         47|       1.107
      Latches           |            0|          0|       0.000
      FlipFlops         |            3|         14|       0.237
       Single-Bit FF    |            3|         14|       0.237
       Multi-Bit FF     |            0|          0|       0.000
       Clock-Gated      |            0|           |            
       Bits             |            3|         14|       0.237
         Load-Enabled   |            0|           |            
         Clock-Gated    |            0|           |            
  Tristate Pin Count    |            0|           |            
Physical Info           |Placed       |           |            
  Chip Size (mm x mm)   |0.070 x 0.070|       4965|            
  Fixed Cell Area       |             |          0|            
    Phys Only           |            0|          0|            
  Placeable Area        |             |        102|            
  Movable Cell Area     |             |         66|            
  Utilization (%)       |           64|           |            
  Chip Utilization (%)  |           64|           |            
  Total Wire Length (mm)|        0.781|           |            
  Longest Wire (mm)     |        0.036|           |            
  Average Wire (mm)     |        0.036|           |            
------------------------+-------------+-----------+------------
