Report for group default
------------------------------------------------------------------------------------------------------------------------------------------------------------
Startpoint: current_state_reg[2]/Q
    (Clocked by sysclk R)
Endpoint: current_state_reg[2]/D
    (Clocked by sysclk R)
Path Group: default
Data required time: 1459.3
    (Clock shift: 1500.0, minus Uncertainty: 0.0, plus Latency 0.0, minus Setup time: 40.7)
Data arrival time: 489.3
Slack: 970.0
Logic depth: 9
------------------------------------------------------------------------------------------------------------------------------------------------------------
                                                     Arrival               Arc      Net               Net    Total   fan-                                   
Path                     Module/Cell           Edge     Time    Delay    Delay    Delay     Slew     Load     Load    out     Location Power Domain      (V)
                                                        (ps)     (ps)     (ps)     (ps)     (ps)     (ff)     (ff)    (#)      (um,um)                      
------------------------------------------------------------------------------------------------------------------------------------------------------------
clk                      {create_clock}           r      0.0      0.0      0.0                        0.0      0.0      3     0,   37                       
current_state_reg[2]/CK->Q
                         DFF_X2#*                rr    153.1    153.1    153.1      0.0      0.0      3.8     60.9      7    36,   36  /PD_TOP        (1.10)
rt_shieldBuf__1/A->Z     BUF_X1#*                rr    240.5     87.4     87.3      0.1     15.3      1.3     28.9      2    36,   36  /PD_TOP        (1.10)
i_0_7_59/A->ZN           INV_X8                  rf    248.3      7.8      7.8      0.0     15.3      1.2      7.1      2    36,   36  /PD_TOP        (1.10)
i_0_7_40/A1->ZN          OR2_X4                  ff    293.8     45.5     45.5      0.0      3.8      2.6     17.2      4    36,   36  /PD_TOP        (1.10)
i_0_7_39/A2->ZN          NAND3_X4                fr    315.7     21.9     21.9      0.0     11.7      1.5      7.7      2    36,   36  /PD_TOP        (1.10)
i_0_7_38/B2->ZN          OAI21_X4                rf    345.4     29.7     29.7      0.0     14.0      0.6     26.1      1    36,   36  /PD_TOP        (1.10)
i_0_7_37/A->ZN           INV_X8                  fr    360.7     15.3     15.3      0.0     18.8      1.6      8.0      2    36,   36  /PD_TOP        (1.10)
i_0_7_35/C2->ZN          OAI221_X2               rf    387.1     26.4     26.4      0.0      6.2      0.9      3.3      1    36,   36  /PD_TOP        (1.10)
i_0_7_28/B2->ZN          AOI221_X2               fr    477.5     90.4     90.4      0.0     17.9      0.8      4.9      1    36,   36  /PD_TOP        (1.10)
i_0_7_27/A2->ZN          NOR2_X2                 rf    489.3     11.8     11.8      0.0     50.6      0.7      1.8      1    36,   36  /PD_TOP        (1.10)
current_state_reg[2]/D   DFF_X2#                  f    489.3      0.0               0.0      4.8                             36,   36  /PD_TOP        (1.10)
------------------------------------------------------------------------------------------------------------------------------------------------------------
Report for group I2R
------------------------------------------------------------------------------------------------------------------------------------------------------------
Startpoint: ST[1]
    (Clocked by rtDefaultClock R)
Endpoint: current_state_reg[0]/D
    (Clocked by sysclk R)
Path Group: I2R
Data required time: 1466.8
    (Clock shift: 1500.0, minus Uncertainty: 0.0, plus Latency 0.0, minus Setup time: 33.2)
Data arrival time: 1068.0
Slack: 398.8
Logic depth: 10
------------------------------------------------------------------------------------------------------------------------------------------------------------
                                                     Arrival               Arc      Net               Net    Total   fan-                                   
Path                     Module/Cell           Edge     Time    Delay    Delay    Delay     Slew     Load     Load    out     Location Power Domain      (V)
                                                        (ps)     (ps)     (ps)     (ps)     (ps)     (ff)     (ff)    (#)      (um,um)                      
------------------------------------------------------------------------------------------------------------------------------------------------------------
ST[1]                    {set_input_delay}        f    700.0    700.0    700.0                        5.3     11.2      2    36,    0                       
i_0_7_53/A2->ZN          NOR3_X4                 fr    778.2     78.2     77.8      0.4    100.0      0.7      4.8      1    36,   36  /PD_TOP        (1.10)
i_0_7_52/A2->ZN          NOR2_X4                 rf    791.8     13.6     13.6      0.0     28.5      0.7      4.9      1    36,   36  /PD_TOP        (1.10)
i_0_7_51/B2->ZN          AOI21_X4*               fr    853.5     61.7     61.7      0.0      5.7      1.4     30.7      2    36,   36  /PD_TOP        (1.10)
i_0_7_50/A->ZN           INV_X8                  rf    865.7     12.2     12.2      0.0     15.3      3.3     23.7      5    36,   36  /PD_TOP        (1.10)
i_0_7_14/A2->ZN          NOR2_X4*                fr    924.1     58.4     58.3      0.1      5.7      1.3     30.6      2    36,   36  /PD_TOP        (1.10)
i_0_7_8/A3->ZN           NOR3_X2                 rf    936.5     12.4     12.4      0.0     15.3      0.7      2.9      1    36,   36  /PD_TOP        (1.10)
i_0_7_6/A2->ZN           OR3_X4                  ff   1003.9     67.4     67.4      0.0      6.3      0.7      4.7      1    36,   36  /PD_TOP        (1.10)
i_0_7_2/A->ZN            OAI21_X4                fr   1025.6     21.7     21.7      0.0     11.9      0.7      4.6      1    36,   36  /PD_TOP        (1.10)
i_0_7_1/A->ZN            AOI21_X4                rf   1041.5     15.9     15.9      0.0     18.7      0.7      4.9      1    36,   36  /PD_TOP        (1.10)
i_0_7_0/B2->ZN           AOI21_X2                fr   1068.0     26.5     26.5      0.0      8.0      0.7      1.9      1    36,   36  /PD_TOP        (1.10)
current_state_reg[0]/D   DFF_X2#                  r   1068.0      0.0               0.0     17.8                             36,   36  /PD_TOP        (1.10)
------------------------------------------------------------------------------------------------------------------------------------------------------------
Report for group I2O
Report for group R2O
------------------------------------------------------------------------------------------------------------------------------------------------------------
Startpoint: current_state_reg[1]/Q
    (Clocked by sysclk R)
Endpoint: alarmbuzz
    (Clocked by vsysclk R)
Path Group: R2O
Data required time: -17500.0
    (Clock shift: 500.0, minus Uncertainty: 0.0, plus Latency 0.0, minus Out delay: 18000.0)
Data arrival time: 211.8
Slack: -17711.8
Logic depth: 2
------------------------------------------------------------------------------------------------------------------------------------------------------------
                                                     Arrival               Arc      Net               Net    Total   fan-                                   
Path                     Module/Cell           Edge     Time    Delay    Delay    Delay     Slew     Load     Load    out     Location Power Domain      (V)
                                                        (ps)     (ps)     (ps)     (ps)     (ps)     (ff)     (ff)    (#)      (um,um)                      
------------------------------------------------------------------------------------------------------------------------------------------------------------
clk                      {create_clock}           r      0.0      0.0      0.0                        0.0      0.0      3     0,   37                       
current_state_reg[1]/CK->Q
                         DFF_X2#*                rr    160.0    160.0    160.0      0.0      0.0      4.3     86.9      8    36,   36  /PD_TOP        (1.10)
i_0_3_0/A2->ZN           NAND2_X4                rf    175.6     15.6     15.5      0.1     15.3      0.6      4.8      1    36,   36  /PD_TOP        (1.10)
i_0_3_1/A1->ZN           NOR2_X4                 fr    211.4     35.8     35.8      0.0      7.2      4.7     14.7      1    36,   36  /PD_TOP        (1.10)
alarmbuzz                                         r    211.8      0.4               0.4     27.5                             72,   35                       
------------------------------------------------------------------------------------------------------------------------------------------------------------
