Report Physical info: 
------------------------+-----------------+-----------+------------
                        |                 |Area (squm)|Leakage (uW)
------------------------+-----------------+-----------+------------
Design Name             |combined56_ifelse|           |            
  Total Instances       |               79|         84|       1.930
    Macros              |                0|          0|       0.000
    Pads                |                0|          0|       0.000
    Phys                |                0|          0|       0.000
    Blackboxes          |                0|          0|       0.000
    Cells               |               79|         84|       1.930
      Buffers           |                3|          2|       0.064
      Inverters         |               22|         12|       0.316
      Clock-Gates       |                0|          0|       0.000
      Combinational     |               51|         52|       1.172
      Latches           |                0|          0|       0.000
      FlipFlops         |                3|         18|       0.378
       Single-Bit FF    |                3|         18|       0.378
       Multi-Bit FF     |                0|          0|       0.000
       Clock-Gated      |                0|           |            
       Bits             |                3|         18|       0.378
         Load-Enabled   |                0|           |            
         Clock-Gated    |                0|           |            
  Tristate Pin Count    |                0|           |            
Physical Info           |Placed           |           |            
  Chip Size (mm x mm)   |0.072 x 0.072    |       5157|            
  Fixed Cell Area       |                 |          0|            
    Phys Only           |                0|          0|            
  Placeable Area        |                 |        132|            
  Movable Cell Area     |                 |         84|            
  Utilization (%)       |               63|           |            
  Chip Utilization (%)  |               63|           |            
  Total Wire Length (mm)|            0.797|           |            
  Longest Wire (mm)     |            0.037|           |            
  Average Wire (mm)     |            0.036|           |            
------------------------+-----------------+-----------+------------
