Report Physical info: 
------------------------+-----------------+-----------+------------
                        |                 |Area (squm)|Leakage (uW)
------------------------+-----------------+-----------+------------
Design Name             |combined56_ifelse|           |            
  Total Instances       |               58|         68|       1.537
    Macros              |                0|          0|       0.000
    Pads                |                0|          0|       0.000
    Phys                |                0|          0|       0.000
    Blackboxes          |                0|          0|       0.000
    Cells               |               58|         68|       1.537
      Buffers           |                0|          0|       0.000
      Inverters         |                7|          4|       0.100
      Clock-Gates       |                0|          0|       0.000
      Combinational     |               48|         51|       1.199
      Latches           |                0|          0|       0.000
      FlipFlops         |                3|         14|       0.237
       Single-Bit FF    |                3|         14|       0.237
       Multi-Bit FF     |                0|          0|       0.000
       Clock-Gated      |                0|           |            
       Bits             |                3|         14|       0.237
         Load-Enabled   |                0|           |            
         Clock-Gated    |                0|           |            
  Tristate Pin Count    |                0|           |            
Physical Info           |Placed           |           |            
  Chip Size (mm x mm)   |0.072 x 0.072    |       5113|            
  Fixed Cell Area       |                 |          0|            
    Phys Only           |                0|          0|            
  Placeable Area        |                 |        128|            
  Movable Cell Area     |                 |         68|            
  Utilization (%)       |               53|           |            
  Chip Utilization (%)  |               53|           |            
  Total Wire Length (mm)|            0.794|           |            
  Longest Wire (mm)     |            0.037|           |            
  Average Wire (mm)     |            0.036|           |            
------------------------+-----------------+-----------+------------
