Report End Points: 
-----+-------+------+-------+------+-----+-----+------+--------------+--------------
     |Group  |Launch|Capture|Shift |Delay|Depth|Slack |Begin Point   |End Point     
-----+-------+------+-------+------+-----+-----+------+--------------+--------------
1    |default|sysclk|sysclk |1500.0|215.5|    7|1083.0|state_reg[1]/Q|state_reg[0]/D
2    |default|sysclk|sysclk |1500.0|185.7|    6|1127.3|state_reg[0]/Q|state_reg[1]/D
3    |default|sysclk|sysclk |1500.0|164.8|    5|1142.8|state_reg[0]/Q|state_reg[2]/D
-----+-------+------+-------+------+-----+-----+------+--------------+--------------
Report End Points: 
-----+-----+--------------+-------+------+-----+-----+-----+-----------+--------------
     |Group|Launch        |Capture|Shift |Delay|Depth|Slack|Begin Point|End Point     
-----+-----+--------------+-------+------+-----+-----+-----+-----------+--------------
1    |I2R  |rtDefaultClock|sysclk |1500.0|239.4|    6|521.9|ST[4]      |state_reg[0]/D
2    |I2R  |rtDefaultClock|sysclk |1500.0|202.2|    5|558.4|ST[2]      |state_reg[1]/D
3    |I2R  |rtDefaultClock|sysclk |1500.0|189.7|    4|576.3|ST[2]      |state_reg[2]/D
-----+-----+--------------+-------+------+-----+-----+-----+-----------+--------------
Report End Points: 
-----+-----+------+-------+-----+-----+-----+-----+-----------+---------
     |Group|Launch|Capture|Shift|Delay|Depth|Slack|Begin Point|End Point
-----+-----+------+-------+-----+-----+-----+-----+-----------+---------
1    |I2O  |      |       |     |     |     |     |           |         
-----+-----+------+-------+-----+-----+-----+-----+-----------+---------
Report End Points: 
-----+-----+------+-------+------+-----+-----+-----+--------------+----------
     |Group|Launch|Capture|Shift |Delay|Depth|Slack|Begin Point   |End Point 
-----+-----+------+-------+------+-----+-----+-----+--------------+----------
1    |R2O  |sysclk|vsysclk|1500.0| 76.8|    3|810.4|state_reg[1]/Q|display[0]
2    |R2O  |sysclk|vsysclk|1500.0| 79.0|    2|818.0|state_reg[0]/Q|heater    
3    |R2O  |sysclk|vsysclk|1500.0| 67.3|    2|819.9|state_reg[1]/Q|rdoor     
-----+-----+------+-------+------+-----+-----+-----+--------------+----------
