Report End Points: 
-----+-------+------+-------+------+-----+-----+-----+--------------+--------------
     |Group  |Launch|Capture|Shift |Delay|Depth|Slack|Begin Point   |End Point     
-----+-------+------+-------+------+-----+-----+-----+--------------+--------------
1    |default|sysclk|sysclk |1500.0|334.0|    9|951.3|state_reg[2]/Q|state_reg[0]/D
2    |default|sysclk|sysclk |1500.0|326.5|   10|956.8|state_reg[2]/Q|state_reg[1]/D
3    |default|sysclk|sysclk |1500.0|323.5|    9|967.3|state_reg[2]/Q|state_reg[2]/D
-----+-------+------+-------+------+-----+-----+-----+--------------+--------------
Report End Points: 
-----+-----+--------------+-------+------+-----+-----+-----+-----------+--------------
     |Group|Launch        |Capture|Shift |Delay|Depth|Slack|Begin Point|End Point     
-----+-----+--------------+-------+------+-----+-----+-----+-----------+--------------
1    |I2R  |rtDefaultClock|sysclk |1500.0|330.1|    6|425.2|ST[3]      |state_reg[0]/D
2    |I2R  |rtDefaultClock|sysclk |1500.0|308.4|    5|450.2|ST[3]      |state_reg[1]/D
3    |I2R  |rtDefaultClock|sysclk |1500.0|289.9|    6|468.7|ST[3]      |state_reg[2]/D
-----+-----+--------------+-------+------+-----+-----+-----+-----------+--------------
Report End Points: 
-----+-----+------+-------+-----+-----+-----+-----+-----------+---------
     |Group|Launch|Capture|Shift|Delay|Depth|Slack|Begin Point|End Point
-----+-----+------+-------+-----+-----+-----+-----+-----------+---------
1    |I2O  |      |       |     |     |     |     |           |         
-----+-----+------+-------+-----+-----+-----+-----+-----------+---------
Report End Points: 
-----+-----+------+-------+-----+-----+-----+--------+--------------+----------
     |Group|Launch|Capture|Shift|Delay|Depth|Slack   |Begin Point   |End Point 
-----+-----+------+-------+-----+-----+-----+--------+--------------+----------
1    |R2O  |sysclk|vsysclk|500.0| 57.4|    2|-17728.5|state_reg[0]/Q|display[0]
2    |R2O  |sysclk|vsysclk|500.0| 56.9|    2|-17728.0|state_reg[0]/Q|fdoor     
3    |R2O  |sysclk|vsysclk|500.0| 56.9|    2|-17727.2|state_reg[1]/Q|rdoor     
-----+-----+------+-------+-----+-----+-----+--------+--------------+----------
