Report Physical info: 
------------------------+-------------+-----------+------------
                        |             |Area (squm)|Leakage (uW)
------------------------+-------------+-----------+------------
Design Name             |Mealy        |           |            
  Total Instances       |           71|         80|       1.772
    Macros              |            0|          0|       0.000
    Pads                |            0|          0|       0.000
    Phys                |            0|          0|       0.000
    Blackboxes          |            0|          0|       0.000
    Cells               |           71|         80|       1.772
      Buffers           |            0|          0|       0.000
      Inverters         |           13|          7|       0.187
      Clock-Gates       |            0|          0|       0.000
      Combinational     |           55|         59|       1.348
      Latches           |            0|          0|       0.000
      FlipFlops         |            3|         14|       0.237
       Single-Bit FF    |            3|         14|       0.237
       Multi-Bit FF     |            0|          0|       0.000
       Clock-Gated      |            0|           |            
       Bits             |            3|         14|       0.237
         Load-Enabled   |            0|           |            
         Clock-Gated    |            0|           |            
  Tristate Pin Count    |            0|           |            
Physical Info           |Placed       |           |            
  Chip Size (mm x mm)   |0.074 x 0.074|       5406|            
  Fixed Cell Area       |             |          0|            
    Phys Only           |            0|          0|            
  Placeable Area        |             |        170|            
  Movable Cell Area     |             |         80|            
  Utilization (%)       |           46|           |            
  Chip Utilization (%)  |           46|           |            
  Total Wire Length (mm)|        0.807|           |            
  Longest Wire (mm)     |        0.038|           |            
  Average Wire (mm)     |        0.037|           |            
------------------------+-------------+-----------+------------
