Report End Points: 
-----+-------+------+-------+------+-----+-----+------+--------------+--------------
     |Group  |Launch|Capture|Shift |Delay|Depth|Slack |Begin Point   |End Point     
-----+-------+------+-------+------+-----+-----+------+--------------+--------------
1    |default|sysclk|sysclk |1500.0|280.3|    9|1026.8|state_reg[2]/Q|state_reg[0]/D
2    |default|sysclk|sysclk |1500.0|265.2|    8|1039.2|state_reg[0]/Q|state_reg[1]/D
3    |default|sysclk|sysclk |1500.0|235.6|    6|1076.6|state_reg[0]/Q|state_reg[2]/D
-----+-------+------+-------+------+-----+-----+------+--------------+--------------
Report End Points: 
-----+-----+--------------+-------+------+-----+-----+-----+-----------+--------------
     |Group|Launch        |Capture|Shift |Delay|Depth|Slack|Begin Point|End Point     
-----+-----+--------------+-------+------+-----+-----+-----+-----------+--------------
1    |I2R  |rtDefaultClock|sysclk |1500.0|305.5|    7|463.6|ST[2]      |state_reg[2]/D
2    |I2R  |rtDefaultClock|sysclk |1500.0|289.2|    6|472.1|ST[2]      |state_reg[1]/D
3    |I2R  |rtDefaultClock|sysclk |1500.0|263.4|    7|497.2|SRD        |state_reg[0]/D
-----+-----+--------------+-------+------+-----+-----+-----+-----------+--------------
Report End Points: 
-----+-----+--------------+-------+------+-----+-----+-----+-----------+---------
     |Group|Launch        |Capture|Shift |Delay|Depth|Slack|Begin Point|End Point
-----+-----+--------------+-------+------+-----+-----+-----+-----------+---------
1    |I2O  |rtDefaultClock|vsysclk|1500.0|329.3|   10| 20.7|ST[2]      |alarmbuzz
2    |I2O  |rtDefaultClock|vsysclk|1500.0|320.8|    5| 29.2|ST[4]      |rdoor    
3    |I2O  |rtDefaultClock|vsysclk|1500.0|286.4|    4| 63.6|ST[2]      |heater   
-----+-----+--------------+-------+------+-----+-----+-----+-----------+---------
Report End Points: 
-----+-----+------+-------+------+-----+-----+-----+--------------+----------
     |Group|Launch|Capture|Shift |Delay|Depth|Slack|Begin Point   |End Point 
-----+-----+------+-------+------+-----+-----+-----+--------------+----------
1    |R2O  |sysclk|vsysclk|1500.0|295.5|    5|597.6|state_reg[0]/Q|rdoor     
2    |R2O  |sysclk|vsysclk|1500.0|291.5|    9|605.0|state_reg[2]/Q|display[0]
3    |R2O  |sysclk|vsysclk|1500.0|238.5|    7|654.6|state_reg[0]/Q|display[1]
-----+-----+------+-------+------+-----+-----+-----+--------------+----------
