Report for group default
Report for group I2R
Report for group I2O
------------------------------------------------------------------------------------------------------------------------------------------------------------
Startpoint: ST[2]
    (Clocked by rtDefaultClock R)
Endpoint: alarmbuzz
    (Clocked by vsysclk R)
Path Group: I2O
Data required time: 1050.0
    (Clock shift: 1500.0, minus Uncertainty: 0.0, plus Latency 0.0, minus Out delay: 450.0)
Data arrival time: 1029.3
Slack: 20.7
Logic depth: 10
------------------------------------------------------------------------------------------------------------------------------------------------------------
                                                     Arrival               Arc      Net               Net    Total   fan-                                   
Path                     Module/Cell           Edge     Time    Delay    Delay    Delay     Slew     Load     Load    out     Location Power Domain      (V)
                                                        (ps)     (ps)     (ps)     (ps)     (ps)     (ff)     (ff)    (#)      (um,um)                      
------------------------------------------------------------------------------------------------------------------------------------------------------------
ST[2]                    {set_input_delay}        f    700.0    700.0    700.0                        4.6     11.4      2    37,    0                       
i_0_0_49/A2->ZN          OR3_X4                  ff    801.5    101.5    101.1      0.4    100.0      0.7      4.8      1    38,   36  /PD_TOP        (1.10)
i_0_0_47/B1->ZN          AOI21_X4                fr    856.9     55.4     55.4      0.0     12.0      0.6     26.1      1    38,   36  /PD_TOP        (1.10)
i_0_0_46/A->ZN           INV_X8                  rf    869.3     12.4     12.4      0.0     47.2      2.7     16.6      4    38,   36  /PD_TOP        (1.10)
i_0_0_41/A1->ZN          NAND2_X4*               fr    899.7     30.4     30.4      0.0      4.8      2.1     33.4      3    38,   36  /PD_TOP        (1.10)
i_0_0_40/A->ZN           INV_X8                  rf    909.6      9.9      9.9      0.0     15.3      2.1     14.0      3    38,   36  /PD_TOP        (1.10)
i_0_0_14/B1->ZN          AOI21_X4                fr    934.6     25.0     25.0      0.0      4.5      0.8      4.8      1    38,   36  /PD_TOP        (1.10)
i_0_0_13/B2->ZN          OAI22_X4                rf    960.0     25.4     25.4      0.0     22.2      0.7      4.7      1    38,   36  /PD_TOP        (1.10)
i_0_0_12/A2->ZN          NAND2_X4                fr    978.0     18.0     18.0      0.0     11.1      0.7      4.6      1    38,   36  /PD_TOP        (1.10)
i_0_0_11/A->ZN           OAI21_X2                rf    995.5     17.5     17.5      0.0      9.7      0.7      2.9      1    38,   36  /PD_TOP        (1.10)
i_0_0_10/A2->ZN          AND2_X4                 ff   1028.9     33.4     33.4      0.0      8.9      4.7     14.7      1    38,   36  /PD_TOP        (1.10)
alarmbuzz                                         f   1029.3      0.4               0.4      8.1                             73,   36                       
------------------------------------------------------------------------------------------------------------------------------------------------------------
Report for group R2O
