Report End Points: 
-----+-------+------+-------+------+-----+-----+-----+----------------------+----------------------
     |Group  |Launch|Capture|Shift |Delay|Depth|Slack|Begin Point           |End Point             
-----+-------+------+-------+------+-----+-----+-----+----------------------+----------------------
1    |default|sysclk|sysclk |1500.0|465.6|    7|825.6|current_state_reg[0]/Q|current_state_reg[1]/D
2    |default|sysclk|sysclk |1500.0|465.0|    7|831.7|current_state_reg[0]/Q|current_state_reg[2]/D
3    |default|sysclk|sysclk |1500.0|345.2|    9|946.2|current_state_reg[1]/Q|current_state_reg[0]/D
-----+-------+------+-------+------+-----+-----+-----+----------------------+----------------------
Report End Points: 
-----+-----+--------------+-------+------+-----+-----+-----+-----------+----------------------
     |Group|Launch        |Capture|Shift |Delay|Depth|Slack|Begin Point|End Point             
-----+-----+--------------+-------+------+-----+-----+-----+-----------+----------------------
1    |I2R  |rtDefaultClock|sysclk |1500.0|475.1|    6|285.5|ST[3]      |current_state_reg[1]/D
2    |I2R  |rtDefaultClock|sysclk |1500.0|378.3|    5|387.8|SFA        |current_state_reg[2]/D
3    |I2R  |rtDefaultClock|sysclk |1500.0|301.5|    6|464.6|ST[3]      |current_state_reg[0]/D
-----+-----+--------------+-------+------+-----+-----+-----+-----------+----------------------
Report End Points: 
-----+-----+------+-------+-----+-----+-----+-----+-----------+---------
     |Group|Launch|Capture|Shift|Delay|Depth|Slack|Begin Point|End Point
-----+-----+------+-------+-----+-----+-----+-----+-----------+---------
1    |I2O  |      |       |     |     |     |     |           |         
-----+-----+------+-------+-----+-----+-----+-----+-----------+---------
Report End Points: 
-----+-----+------+-------+-----+-----+-----+--------+----------------------+---------
     |Group|Launch|Capture|Shift|Delay|Depth|Slack   |Begin Point           |End Point
-----+-----+------+-------+-----+-----+-----+--------+----------------------+---------
1    |R2O  |sysclk|vsysclk|500.0| 59.5|    2|-17728.9|current_state_reg[0]/Q|fdoor    
2    |R2O  |sysclk|vsysclk|500.0| 50.8|    2|-17725.5|current_state_reg[1]/Q|alarmbuzz
3    |R2O  |sysclk|vsysclk|500.0| 50.8|    2|-17725.5|current_state_reg[1]/Q|cooler   
-----+-----+------+-------+-----+-----+-----+--------+----------------------+---------
